<?xml version='1.0' encoding='UTF-8' standalone='no'?>
<doxygen xmlns:xsi="http://www.w3.org/2001/XMLSchema-instance" xsi:noNamespaceSchemaLocation="compound.xsd" version="1.9.1" xml:lang="en-US">
  <compounddef id="classnest_1_1_local_node_expected" kind="class" language="C++" prot="public">
    <compoundname>nest::LocalNodeExpected</compoundname>
    <basecompoundref refid="classnest_1_1_kernel_exception" prot="public" virt="non-virtual">nest::KernelException</basecompoundref>
    <includes refid="exceptions_8h" local="no">exceptions.h</includes>
      <sectiondef kind="private-attrib">
      <memberdef kind="variable" id="classnest_1_1_local_node_expected_1a1baa2209d2665067ba7d73d64ef511c5" prot="private" static="no" mutable="no">
        <type>int</type>
        <definition>int nest::LocalNodeExpected::id_</definition>
        <argsstring></argsstring>
        <name>id_</name>
        <briefdescription>
        </briefdescription>
        <detaileddescription>
        </detaileddescription>
        <inbodydescription>
        </inbodydescription>
        <location file="nestkernel/exceptions.h" line="277" column="7" bodyfile="nestkernel/exceptions.h" bodystart="277" bodyend="-1"/>
      </memberdef>
      </sectiondef>
      <sectiondef kind="public-func">
      <memberdef kind="function" id="classnest_1_1_local_node_expected_1aebb163042bd6e154d897edd182c5adfe" prot="public" static="no" const="no" explicit="no" inline="yes" virt="non-virtual">
        <type></type>
        <definition>nest::LocalNodeExpected::LocalNodeExpected</definition>
        <argsstring>(int id)</argsstring>
        <name>LocalNodeExpected</name>
        <param>
          <type>int</type>
          <declname>id</declname>
        </param>
        <briefdescription>
        </briefdescription>
        <detaileddescription>
        </detaileddescription>
        <inbodydescription>
        </inbodydescription>
        <location file="nestkernel/exceptions.h" line="280" column="3" bodyfile="nestkernel/exceptions.h" bodystart="280" bodyend="284"/>
      </memberdef>
      <memberdef kind="function" id="classnest_1_1_local_node_expected_1acd347557d7128541b8c9e473bbb3189e" prot="public" static="no" const="no" explicit="no" inline="yes" virt="non-virtual">
        <type></type>
        <definition>nest::LocalNodeExpected::~LocalNodeExpected</definition>
        <argsstring>() override</argsstring>
        <name>~LocalNodeExpected</name>
        <exceptions> throw ()</exceptions>
        <briefdescription>
        </briefdescription>
        <detaileddescription>
        </detaileddescription>
        <inbodydescription>
        </inbodydescription>
        <location file="nestkernel/exceptions.h" line="286" column="3" bodyfile="nestkernel/exceptions.h" bodystart="286" bodyend="288"/>
      </memberdef>
      <memberdef kind="function" id="classnest_1_1_local_node_expected_1a6a57c7ff485dc7c0b44f47535f0a7c97" prot="public" static="no" const="yes" explicit="no" inline="no" virt="non-virtual">
        <type>std::string</type>
        <definition>std::string nest::LocalNodeExpected::message</definition>
        <argsstring>() const override</argsstring>
        <name>message</name>
        <briefdescription>
        </briefdescription>
        <detaileddescription>
        </detaileddescription>
        <inbodydescription>
        </inbodydescription>
        <location file="nestkernel/exceptions.h" line="290" column="15" bodyfile="nestkernel/exceptions.cpp" bodystart="126" bodyend="131"/>
      </memberdef>
      </sectiondef>
    <briefdescription>
    </briefdescription>
    <detaileddescription>
    </detaileddescription>
    <inheritancegraph>
      <node id="1">
        <label>nest::LocalNodeExpected</label>
        <link refid="classnest_1_1_local_node_expected"/>
        <childnode refid="2" relation="public-inheritance">
        </childnode>
      </node>
      <node id="3">
        <label>SLIException</label>
      </node>
      <node id="2">
        <label>nest::KernelException</label>
        <link refid="classnest_1_1_kernel_exception"/>
        <childnode refid="3" relation="public-inheritance">
        </childnode>
      </node>
    </inheritancegraph>
    <collaborationgraph>
      <node id="1">
        <label>nest::LocalNodeExpected</label>
        <link refid="classnest_1_1_local_node_expected"/>
        <childnode refid="2" relation="public-inheritance">
        </childnode>
      </node>
      <node id="3">
        <label>SLIException</label>
      </node>
      <node id="2">
        <label>nest::KernelException</label>
        <link refid="classnest_1_1_kernel_exception"/>
        <childnode refid="3" relation="public-inheritance">
        </childnode>
      </node>
    </collaborationgraph>
    <location file="nestkernel/exceptions.h" line="275" column="1" bodyfile="nestkernel/exceptions.h" bodystart="276" bodyend="291"/>
    <listofallmembers>
      <member refid="classnest_1_1_local_node_expected_1a1baa2209d2665067ba7d73d64ef511c5" prot="private" virt="non-virtual"><scope>nest::LocalNodeExpected</scope><name>id_</name></member>
      <member refid="classnest_1_1_kernel_exception_1aeb4d5e1c6351372f03f535806264fb6d" prot="public" virt="non-virtual"><scope>nest::LocalNodeExpected</scope><name>KernelException</name></member>
      <member refid="classnest_1_1_kernel_exception_1a587cc59f8f1fac92da4370934c03ab15" prot="public" virt="non-virtual"><scope>nest::LocalNodeExpected</scope><name>KernelException</name></member>
      <member refid="classnest_1_1_kernel_exception_1a1a10edf2a54c9d48aeab137024cd3144" prot="public" virt="non-virtual"><scope>nest::LocalNodeExpected</scope><name>KernelException</name></member>
      <member refid="classnest_1_1_local_node_expected_1aebb163042bd6e154d897edd182c5adfe" prot="public" virt="non-virtual"><scope>nest::LocalNodeExpected</scope><name>LocalNodeExpected</name></member>
      <member refid="classnest_1_1_local_node_expected_1a6a57c7ff485dc7c0b44f47535f0a7c97" prot="public" virt="non-virtual"><scope>nest::LocalNodeExpected</scope><name>message</name></member>
      <member refid="classnest_1_1_kernel_exception_1aeaa4cd0b8db52d17bb0907ea6db41a44" prot="public" virt="non-virtual"><scope>nest::LocalNodeExpected</scope><name>~KernelException</name></member>
      <member refid="classnest_1_1_local_node_expected_1acd347557d7128541b8c9e473bbb3189e" prot="public" virt="non-virtual"><scope>nest::LocalNodeExpected</scope><name>~LocalNodeExpected</name></member>
    </listofallmembers>
  </compounddef>
</doxygen>
