<?xml version='1.0' encoding='UTF-8' standalone='no'?>
<doxygen xmlns:xsi="http://www.w3.org/2001/XMLSchema-instance" xsi:noNamespaceSchemaLocation="compound.xsd" version="1.9.1" xml:lang="en-US">
  <compounddef id="classnest_1_1_layer_node_expected" kind="class" language="C++" prot="public">
    <compoundname>nest::LayerNodeExpected</compoundname>
    <basecompoundref refid="classnest_1_1_kernel_exception" prot="public" virt="non-virtual">nest::KernelException</basecompoundref>
    <includes refid="exceptions_8h" local="no">exceptions.h</includes>
      <sectiondef kind="public-func">
      <memberdef kind="function" id="classnest_1_1_layer_node_expected_1afd0da25a94701f497e5ec1fbb9ed5131" prot="public" static="no" const="no" explicit="no" inline="yes" virt="non-virtual">
        <type></type>
        <definition>nest::LayerNodeExpected::LayerNodeExpected</definition>
        <argsstring>()</argsstring>
        <name>LayerNodeExpected</name>
        <briefdescription>
        </briefdescription>
        <detaileddescription>
        </detaileddescription>
        <inbodydescription>
        </inbodydescription>
        <location file="nestkernel/exceptions.h" line="1282" column="3" bodyfile="nestkernel/exceptions.h" bodystart="1282" bodyend="1285"/>
      </memberdef>
      <memberdef kind="function" id="classnest_1_1_layer_node_expected_1aa36b1551926393b1583aabdade28310d" prot="public" static="no" const="no" explicit="no" inline="yes" virt="non-virtual">
        <type></type>
        <definition>nest::LayerNodeExpected::~LayerNodeExpected</definition>
        <argsstring>() override</argsstring>
        <name>~LayerNodeExpected</name>
        <exceptions> throw ()</exceptions>
        <briefdescription>
        </briefdescription>
        <detaileddescription>
        </detaileddescription>
        <inbodydescription>
        </inbodydescription>
        <location file="nestkernel/exceptions.h" line="1286" column="3" bodyfile="nestkernel/exceptions.h" bodystart="1286" bodyend="1288"/>
      </memberdef>
      <memberdef kind="function" id="classnest_1_1_layer_node_expected_1ac1921535e879eb5052f4355ea9e36810" prot="public" static="no" const="yes" explicit="no" inline="no" virt="non-virtual">
        <type>std::string</type>
        <definition>std::string nest::LayerNodeExpected::message</definition>
        <argsstring>() const override</argsstring>
        <name>message</name>
        <briefdescription>
        </briefdescription>
        <detaileddescription>
        </detaileddescription>
        <inbodydescription>
        </inbodydescription>
        <location file="nestkernel/exceptions.h" line="1290" column="15" bodyfile="nestkernel/exceptions.cpp" bodystart="480" bodyend="483"/>
      </memberdef>
      </sectiondef>
    <briefdescription>
    </briefdescription>
    <detaileddescription>
    </detaileddescription>
    <inheritancegraph>
      <node id="1">
        <label>nest::LayerNodeExpected</label>
        <link refid="classnest_1_1_layer_node_expected"/>
        <childnode refid="2" relation="public-inheritance">
        </childnode>
      </node>
      <node id="3">
        <label>SLIException</label>
      </node>
      <node id="2">
        <label>nest::KernelException</label>
        <link refid="classnest_1_1_kernel_exception"/>
        <childnode refid="3" relation="public-inheritance">
        </childnode>
      </node>
    </inheritancegraph>
    <collaborationgraph>
      <node id="1">
        <label>nest::LayerNodeExpected</label>
        <link refid="classnest_1_1_layer_node_expected"/>
        <childnode refid="2" relation="public-inheritance">
        </childnode>
      </node>
      <node id="3">
        <label>SLIException</label>
      </node>
      <node id="2">
        <label>nest::KernelException</label>
        <link refid="classnest_1_1_kernel_exception"/>
        <childnode refid="3" relation="public-inheritance">
        </childnode>
      </node>
    </collaborationgraph>
    <location file="nestkernel/exceptions.h" line="1279" column="1" bodyfile="nestkernel/exceptions.h" bodystart="1280" bodyend="1291"/>
    <listofallmembers>
      <member refid="classnest_1_1_kernel_exception_1aeb4d5e1c6351372f03f535806264fb6d" prot="public" virt="non-virtual"><scope>nest::LayerNodeExpected</scope><name>KernelException</name></member>
      <member refid="classnest_1_1_kernel_exception_1a587cc59f8f1fac92da4370934c03ab15" prot="public" virt="non-virtual"><scope>nest::LayerNodeExpected</scope><name>KernelException</name></member>
      <member refid="classnest_1_1_kernel_exception_1a1a10edf2a54c9d48aeab137024cd3144" prot="public" virt="non-virtual"><scope>nest::LayerNodeExpected</scope><name>KernelException</name></member>
      <member refid="classnest_1_1_layer_node_expected_1afd0da25a94701f497e5ec1fbb9ed5131" prot="public" virt="non-virtual"><scope>nest::LayerNodeExpected</scope><name>LayerNodeExpected</name></member>
      <member refid="classnest_1_1_layer_node_expected_1ac1921535e879eb5052f4355ea9e36810" prot="public" virt="non-virtual"><scope>nest::LayerNodeExpected</scope><name>message</name></member>
      <member refid="classnest_1_1_kernel_exception_1aeaa4cd0b8db52d17bb0907ea6db41a44" prot="public" virt="non-virtual"><scope>nest::LayerNodeExpected</scope><name>~KernelException</name></member>
      <member refid="classnest_1_1_layer_node_expected_1aa36b1551926393b1583aabdade28310d" prot="public" virt="non-virtual"><scope>nest::LayerNodeExpected</scope><name>~LayerNodeExpected</name></member>
    </listofallmembers>
  </compounddef>
</doxygen>
